//
//framework module AtoZ [system] {
//  umbrella  "Headers"
//  module * { export * }
//  export *
//}


//	framework module AtoZAppKit {


//  	umbrella header "AtoZAppKit.h"
//    export *
//    module * { export * }
//  }
//	framework module AtoZBezierPath {
//  	umbrella header "AtoZBezierPath.h"
//    export *
//    module * { export * }
//  }
//	framework module BlocksKit {
//  	umbrella header "BlocksKit.h"
//    export *
//    module * { export * }
//  }
//	framework module BWTK {
//  	umbrella header "BWToolkitFramework.h"
//    export *
//    module * { export * }
//  }
//	framework module CFAAction {
//  	umbrella header "CFAAction.h"
//    export *
//      module * { export * }
//  }
//	framework module CocoaPuffs {
//  	umbrella header "CocoaPuffs.h"
//    export *
//    module * { export * }
//  }
//	framework module CocoatechCore {
//  	umbrella header "CocoatechCore.h"
//    export *
//    module * { export * }
//  }
//	framework module DrawKit {
//  	umbrella header "DKDrawKit.h"
//    export *
//    module * { export * }
//  }
//  framework module FunSize {
//  	umbrella header "FunSize.h"
//    export *
//    module * { export * }
//  }
//	framework module KSHTMLWriter {
//  	umbrella header "KSHTMLWriter.h"
//    export *
//    module * { export * }
//  }
//	framework module MenuApp {
//  	umbrella header "MenuApp.h"
//    export *
//    module * { export * }
//  }
//	framework module NMSSH {
//  	umbrella header "NMSSH.h"
//    export *
//    module * { export * }
//  }
//	framework module MapKit {
//  	umbrella header "MapKit.h"
//    export *
//    module * { export * }
//  }
//	framework module NoodleKit {
//  	umbrella header "NoodleKit.h"
//    export *
//    module * { export * }
//  }
//	framework module PhFacebook {
//  	umbrella header "PhFacebook.h"
//    export *
//    module * { export * }
//  }
//	framework module TwUI {
//  	umbrella header "TUIKit.h"
//    export *
//    module * { export * }
//  }
//	framework module Rebel {
//  	umbrella header "Rebel.h"
//    export *
//    module * { export * }
//  }
//	framework module RoutingHTTPServer {
//  	umbrella header "RoutingHTTPServer.h"
//    export *
//    module * { export * }
//  }
//	framework module SVGKit {
//  	umbrella header "SVGKit.h"
//    export *
//    module * { export * }
//  }
//	framework module UAGithubEngine {
//  	umbrella header "UAGithubEngine.h"
//    export *
//    module * { export * }
//  }
//	framework module Zangetsu {
//  	umbrella header "Zangetsu.h"
//    export *
//    module * { export * }
//  }
//  explicit module KVOMap  {
//    umbrella header "KVOMap/KVOMap.h"
//    export *
//    module * { export * }
//
//    explicit module AtoZAutoBox  {
//      umbrella header "AtoZAutoBox/AtoZAutoBox.h"
//      export *
//    }
//    explicit module AtoZSingleton  {
//      header "AtoZSingleton/AtoZSingleton.h"
//      export *
//    }
//    explicit module JATemplate  {
//      header "JATemplate/JATemplate.h"
//      export *
//    }
//    explicit module CollectionsKeyValueFilteringX  {
//      header "CollectionsKeyValueFilteringX/CollectionsKeyValueFiltering.h"
//      export *
//    }
//    explicit module ObjcAssociatedObjectHelper  {
//      header "ObjcAssociatedObjectHelper/ObjcAssociatedObjectHelpers.h"
//      export *
//    }
//    explicit module MAObjCRuntime  {
//      umbrella header "MAObjCRuntime/MAObjCRuntime.h"
//      export *
//      module * { export * }
//    }
//    explicit module REKit  {
//      umbrella header "REKit/REKit.h"
//      export *
//      module * { export * }
//    }
//  }
//}
//
